Archive member included to satisfy reference by file (symbol)

c:/program files (x86)/atmel/studio/7.0/toolchain/avr8/avr8-gnu-toolchain/bin/../lib/gcc/avr/5.4.0/avr5\libgcc.a(_exit.o)
                              C:/Program Files (x86)/Atmel/Studio/7.0/Packs/atmel/ATmega_DFP/1.7.374/gcc/dev/atmega32a/avr5/crtatmega32a.o (exit)
c:/program files (x86)/atmel/studio/7.0/toolchain/avr8/avr8-gnu-toolchain/bin/../lib/gcc/avr/5.4.0/avr5\libgcc.a(_clear_bss.o)
                              APP/APP.o (__do_clear_bss)

Allocating common symbols
Common symbol       size              file

ptr_func_exint0_callback
                    0x2               MCAL/EXTINT/INT_program.o
ptr_func_tmr0_callback
                    0x2               MCAL/timer0/TMR0_program.o
button1_status      0x1               APP/APP.o
button2_status      0x1               APP/APP.o

Discarded input sections

 .data          0x00000000        0x0 C:/Program Files (x86)/Atmel/Studio/7.0/Packs/atmel/ATmega_DFP/1.7.374/gcc/dev/atmega32a/avr5/crtatmega32a.o
 .bss           0x00000000        0x0 C:/Program Files (x86)/Atmel/Studio/7.0/Packs/atmel/ATmega_DFP/1.7.374/gcc/dev/atmega32a/avr5/crtatmega32a.o
 .text          0x00000000        0x0 APP/APP.o
 .data          0x00000000        0x0 APP/APP.o
 .bss           0x00000000        0x0 APP/APP.o
 .text          0x00000000        0x0 HAL/button/button_program.o
 .data          0x00000000        0x0 HAL/button/button_program.o
 .bss           0x00000000        0x0 HAL/button/button_program.o
 .text          0x00000000        0x0 HAL/led/LED_program.o
 .data          0x00000000        0x0 HAL/led/LED_program.o
 .bss           0x00000000        0x0 HAL/led/LED_program.o
 .text.LED_ON   0x00000000        0x8 HAL/led/LED_program.o
 .text.LED_OFF  0x00000000        0x8 HAL/led/LED_program.o
 .text          0x00000000        0x0 main.o
 .data          0x00000000        0x0 main.o
 .bss           0x00000000        0x0 main.o
 .text          0x00000000        0x0 MCAL/dio/DIO_program.o
 .data          0x00000000        0x0 MCAL/dio/DIO_program.o
 .bss           0x00000000        0x0 MCAL/dio/DIO_program.o
 .text.DIO_setpinvalue
                0x00000000       0xfe MCAL/dio/DIO_program.o
 .text.DIO_setportdir
                0x00000000       0x2c MCAL/dio/DIO_program.o
 .text.DIO_setportvalue
                0x00000000       0x2c MCAL/dio/DIO_program.o
 .text          0x00000000        0x0 MCAL/EXTINT/INT_program.o
 .data          0x00000000        0x0 MCAL/EXTINT/INT_program.o
 .bss           0x00000000        0x0 MCAL/EXTINT/INT_program.o
 .text.SET_GLOBALINTERRUPT
                0x00000000        0x2 MCAL/EXTINT/INT_program.o
 .text.INT1_INIT
                0x00000000       0x14 MCAL/EXTINT/INT_program.o
 .text.INT2_INIT
                0x00000000        0xe MCAL/EXTINT/INT_program.o
 .text          0x00000000        0x0 MCAL/timer0/TMR0_program.o
 .data          0x00000000        0x0 MCAL/timer0/TMR0_program.o
 .bss           0x00000000        0x0 MCAL/timer0/TMR0_program.o
 .text          0x00000000        0x0 OS/SOS_program.o
 .data          0x00000000        0x0 OS/SOS_program.o
 .bss           0x00000000        0x0 OS/SOS_program.o
 .text.sos_modify_task
                0x00000000       0x5e OS/SOS_program.o
 .text.sos_deinit
                0x00000000       0x24 OS/SOS_program.o
 .bss.u16_g_ticks
                0x00000000        0x2 OS/SOS_program.o
 .text          0x00000000        0x0 c:/program files (x86)/atmel/studio/7.0/toolchain/avr8/avr8-gnu-toolchain/bin/../lib/gcc/avr/5.4.0/avr5\libgcc.a(_exit.o)
 .data          0x00000000        0x0 c:/program files (x86)/atmel/studio/7.0/toolchain/avr8/avr8-gnu-toolchain/bin/../lib/gcc/avr/5.4.0/avr5\libgcc.a(_exit.o)
 .bss           0x00000000        0x0 c:/program files (x86)/atmel/studio/7.0/toolchain/avr8/avr8-gnu-toolchain/bin/../lib/gcc/avr/5.4.0/avr5\libgcc.a(_exit.o)
 .text.libgcc.mul
                0x00000000        0x0 c:/program files (x86)/atmel/studio/7.0/toolchain/avr8/avr8-gnu-toolchain/bin/../lib/gcc/avr/5.4.0/avr5\libgcc.a(_exit.o)
 .text.libgcc.div
                0x00000000        0x0 c:/program files (x86)/atmel/studio/7.0/toolchain/avr8/avr8-gnu-toolchain/bin/../lib/gcc/avr/5.4.0/avr5\libgcc.a(_exit.o)
 .text.libgcc   0x00000000        0x0 c:/program files (x86)/atmel/studio/7.0/toolchain/avr8/avr8-gnu-toolchain/bin/../lib/gcc/avr/5.4.0/avr5\libgcc.a(_exit.o)
 .text.libgcc.prologue
                0x00000000        0x0 c:/program files (x86)/atmel/studio/7.0/toolchain/avr8/avr8-gnu-toolchain/bin/../lib/gcc/avr/5.4.0/avr5\libgcc.a(_exit.o)
 .text.libgcc.builtins
                0x00000000        0x0 c:/program files (x86)/atmel/studio/7.0/toolchain/avr8/avr8-gnu-toolchain/bin/../lib/gcc/avr/5.4.0/avr5\libgcc.a(_exit.o)
 .text.libgcc.fmul
                0x00000000        0x0 c:/program files (x86)/atmel/studio/7.0/toolchain/avr8/avr8-gnu-toolchain/bin/../lib/gcc/avr/5.4.0/avr5\libgcc.a(_exit.o)
 .text.libgcc.fixed
                0x00000000        0x0 c:/program files (x86)/atmel/studio/7.0/toolchain/avr8/avr8-gnu-toolchain/bin/../lib/gcc/avr/5.4.0/avr5\libgcc.a(_exit.o)
 .text          0x00000000        0x0 c:/program files (x86)/atmel/studio/7.0/toolchain/avr8/avr8-gnu-toolchain/bin/../lib/gcc/avr/5.4.0/avr5\libgcc.a(_clear_bss.o)
 .data          0x00000000        0x0 c:/program files (x86)/atmel/studio/7.0/toolchain/avr8/avr8-gnu-toolchain/bin/../lib/gcc/avr/5.4.0/avr5\libgcc.a(_clear_bss.o)
 .bss           0x00000000        0x0 c:/program files (x86)/atmel/studio/7.0/toolchain/avr8/avr8-gnu-toolchain/bin/../lib/gcc/avr/5.4.0/avr5\libgcc.a(_clear_bss.o)
 .text.libgcc.mul
                0x00000000        0x0 c:/program files (x86)/atmel/studio/7.0/toolchain/avr8/avr8-gnu-toolchain/bin/../lib/gcc/avr/5.4.0/avr5\libgcc.a(_clear_bss.o)
 .text.libgcc.div
                0x00000000        0x0 c:/program files (x86)/atmel/studio/7.0/toolchain/avr8/avr8-gnu-toolchain/bin/../lib/gcc/avr/5.4.0/avr5\libgcc.a(_clear_bss.o)
 .text.libgcc   0x00000000        0x0 c:/program files (x86)/atmel/studio/7.0/toolchain/avr8/avr8-gnu-toolchain/bin/../lib/gcc/avr/5.4.0/avr5\libgcc.a(_clear_bss.o)
 .text.libgcc.prologue
                0x00000000        0x0 c:/program files (x86)/atmel/studio/7.0/toolchain/avr8/avr8-gnu-toolchain/bin/../lib/gcc/avr/5.4.0/avr5\libgcc.a(_clear_bss.o)
 .text.libgcc.builtins
                0x00000000        0x0 c:/program files (x86)/atmel/studio/7.0/toolchain/avr8/avr8-gnu-toolchain/bin/../lib/gcc/avr/5.4.0/avr5\libgcc.a(_clear_bss.o)
 .text.libgcc.fmul
                0x00000000        0x0 c:/program files (x86)/atmel/studio/7.0/toolchain/avr8/avr8-gnu-toolchain/bin/../lib/gcc/avr/5.4.0/avr5\libgcc.a(_clear_bss.o)
 .text.libgcc.fixed
                0x00000000        0x0 c:/program files (x86)/atmel/studio/7.0/toolchain/avr8/avr8-gnu-toolchain/bin/../lib/gcc/avr/5.4.0/avr5\libgcc.a(_clear_bss.o)

Memory Configuration

Name             Origin             Length             Attributes
text             0x00000000         0x00008000         xr
data             0x00800060         0x00000800         rw !x
eeprom           0x00810000         0x00000400         rw !x
fuse             0x00820000         0x00000002         rw !x
lock             0x00830000         0x00000400         rw !x
signature        0x00840000         0x00000400         rw !x
user_signatures  0x00850000         0x00000400         rw !x
*default*        0x00000000         0xffffffff

Linker script and memory map

LOAD C:/Program Files (x86)/Atmel/Studio/7.0/Packs/atmel/ATmega_DFP/1.7.374/gcc/dev/atmega32a/avr5/crtatmega32a.o
LOAD APP/APP.o
LOAD HAL/button/button_program.o
LOAD HAL/led/LED_program.o
LOAD main.o
LOAD MCAL/dio/DIO_program.o
LOAD MCAL/EXTINT/INT_program.o
LOAD MCAL/timer0/TMR0_program.o
LOAD OS/SOS_program.o
START GROUP
LOAD c:/program files (x86)/atmel/studio/7.0/toolchain/avr8/avr8-gnu-toolchain/bin/../lib/gcc/avr/5.4.0/../../../../avr/lib/avr5\libm.a
END GROUP
START GROUP
LOAD c:/program files (x86)/atmel/studio/7.0/toolchain/avr8/avr8-gnu-toolchain/bin/../lib/gcc/avr/5.4.0/avr5\libgcc.a
LOAD c:/program files (x86)/atmel/studio/7.0/toolchain/avr8/avr8-gnu-toolchain/bin/../lib/gcc/avr/5.4.0/../../../../avr/lib/avr5\libm.a
LOAD c:/program files (x86)/atmel/studio/7.0/toolchain/avr8/avr8-gnu-toolchain/bin/../lib/gcc/avr/5.4.0/../../../../avr/lib/avr5\libc.a
LOAD C:/Program Files (x86)/Atmel/Studio/7.0/Packs/atmel/ATmega_DFP/1.7.374/gcc/dev/atmega32a/avr5\libatmega32a.a
END GROUP
                [0x00000000]                __TEXT_REGION_ORIGIN__ = DEFINED (__TEXT_REGION_ORIGIN__)?__TEXT_REGION_ORIGIN__:0x0
                [0x00800060]                __DATA_REGION_ORIGIN__ = DEFINED (__DATA_REGION_ORIGIN__)?__DATA_REGION_ORIGIN__:0x800060
                [0x00008000]                __TEXT_REGION_LENGTH__ = DEFINED (__TEXT_REGION_LENGTH__)?__TEXT_REGION_LENGTH__:0x20000
                [0x00000800]                __DATA_REGION_LENGTH__ = DEFINED (__DATA_REGION_LENGTH__)?__DATA_REGION_LENGTH__:0xffa0
                [0x00000400]                __EEPROM_REGION_LENGTH__ = DEFINED (__EEPROM_REGION_LENGTH__)?__EEPROM_REGION_LENGTH__:0x10000
                [0x00000002]                __FUSE_REGION_LENGTH__ = DEFINED (__FUSE_REGION_LENGTH__)?__FUSE_REGION_LENGTH__:0x400
                0x00000400                __LOCK_REGION_LENGTH__ = DEFINED (__LOCK_REGION_LENGTH__)?__LOCK_REGION_LENGTH__:0x400
                0x00000400                __SIGNATURE_REGION_LENGTH__ = DEFINED (__SIGNATURE_REGION_LENGTH__)?__SIGNATURE_REGION_LENGTH__:0x400
                0x00000400                __USER_SIGNATURE_REGION_LENGTH__ = DEFINED (__USER_SIGNATURE_REGION_LENGTH__)?__USER_SIGNATURE_REGION_LENGTH__:0x400

.hash
 *(.hash)

.dynsym
 *(.dynsym)

.dynstr
 *(.dynstr)

.gnu.version
 *(.gnu.version)

.gnu.version_d
 *(.gnu.version_d)

.gnu.version_r
 *(.gnu.version_r)

.rel.init
 *(.rel.init)

.rela.init
 *(.rela.init)

.rel.text
 *(.rel.text)
 *(.rel.text.*)
 *(.rel.gnu.linkonce.t*)

.rela.text
 *(.rela.text)
 *(.rela.text.*)
 *(.rela.gnu.linkonce.t*)

.rel.fini
 *(.rel.fini)

.rela.fini
 *(.rela.fini)

.rel.rodata
 *(.rel.rodata)
 *(.rel.rodata.*)
 *(.rel.gnu.linkonce.r*)

.rela.rodata
 *(.rela.rodata)
 *(.rela.rodata.*)
 *(.rela.gnu.linkonce.r*)

.rel.data
 *(.rel.data)
 *(.rel.data.*)
 *(.rel.gnu.linkonce.d*)

.rela.data
 *(.rela.data)
 *(.rela.data.*)
 *(.rela.gnu.linkonce.d*)

.rel.ctors
 *(.rel.ctors)

.rela.ctors
 *(.rela.ctors)

.rel.dtors
 *(.rel.dtors)

.rela.dtors
 *(.rela.dtors)

.rel.got
 *(.rel.got)

.rela.got
 *(.rela.got)

.rel.bss
 *(.rel.bss)

.rela.bss
 *(.rela.bss)

.rel.plt
 *(.rel.plt)

.rela.plt
 *(.rela.plt)

.text           0x00000000      0x64c
 *(.vectors)
 .vectors       0x00000000       0x54 C:/Program Files (x86)/Atmel/Studio/7.0/Packs/atmel/ATmega_DFP/1.7.374/gcc/dev/atmega32a/avr5/crtatmega32a.o
                0x00000000                __vector_default
                0x00000000                __vectors
 *(.vectors)
 *(.progmem.gcc*)
                0x00000054                . = ALIGN (0x2)
                0x00000054                __trampolines_start = .
 *(.trampolines)
 .trampolines   0x00000054        0x0 linker stubs
 *(.trampolines*)
                0x00000054                __trampolines_end = .
 *libprintf_flt.a:*(.progmem.data)
 *libc.a:*(.progmem.data)
 *(.progmem*)
                0x00000054                . = ALIGN (0x2)
 *(.jumptables)
 *(.jumptables*)
 *(.lowtext)
 *(.lowtext*)
                0x00000054                __ctors_start = .
 *(.ctors)
                0x00000054                __ctors_end = .
                0x00000054                __dtors_start = .
 *(.dtors)
                0x00000054                __dtors_end = .
 SORT(*)(.ctors)
 SORT(*)(.dtors)
 *(.init0)
 .init0         0x00000054        0x0 C:/Program Files (x86)/Atmel/Studio/7.0/Packs/atmel/ATmega_DFP/1.7.374/gcc/dev/atmega32a/avr5/crtatmega32a.o
                0x00000054                __init
 *(.init0)
 *(.init1)
 *(.init1)
 *(.init2)
 .init2         0x00000054        0xc C:/Program Files (x86)/Atmel/Studio/7.0/Packs/atmel/ATmega_DFP/1.7.374/gcc/dev/atmega32a/avr5/crtatmega32a.o
 *(.init2)
 *(.init3)
 *(.init3)
 *(.init4)
 .init4         0x00000060       0x10 c:/program files (x86)/atmel/studio/7.0/toolchain/avr8/avr8-gnu-toolchain/bin/../lib/gcc/avr/5.4.0/avr5\libgcc.a(_clear_bss.o)
                0x00000060                __do_clear_bss
 *(.init4)
 *(.init5)
 *(.init5)
 *(.init6)
 *(.init6)
 *(.init7)
 *(.init7)
 *(.init8)
 *(.init8)
 *(.init9)
 .init9         0x00000070        0x8 C:/Program Files (x86)/Atmel/Studio/7.0/Packs/atmel/ATmega_DFP/1.7.374/gcc/dev/atmega32a/avr5/crtatmega32a.o
 *(.init9)
 *(.text)
 .text          0x00000078        0x4 C:/Program Files (x86)/Atmel/Studio/7.0/Packs/atmel/ATmega_DFP/1.7.374/gcc/dev/atmega32a/avr5/crtatmega32a.o
                0x00000078                __vector_12
                0x00000078                __bad_interrupt
                0x00000078                __vector_6
                0x00000078                __vector_3
                0x00000078                __vector_13
                0x00000078                __vector_17
                0x00000078                __vector_19
                0x00000078                __vector_7
                0x00000078                __vector_5
                0x00000078                __vector_4
                0x00000078                __vector_9
                0x00000078                __vector_2
                0x00000078                __vector_15
                0x00000078                __vector_8
                0x00000078                __vector_14
                0x00000078                __vector_10
                0x00000078                __vector_16
                0x00000078                __vector_18
                0x00000078                __vector_20
                0x0000007c                . = ALIGN (0x2)
 *(.text.*)
 .text.LED1_task
                0x0000007c        0xa APP/APP.o
                0x0000007c                LED1_task
 .text.LED2_task
                0x00000086        0xa APP/APP.o
                0x00000086                LED2_task
 .text.start_button
                0x00000090        0xa APP/APP.o
                0x00000090                start_button
 .text.APP_init
                0x0000009a       0x22 APP/APP.o
                0x0000009a                APP_init
 .text.Stop_button_task
                0x000000bc       0x1e APP/APP.o
                0x000000bc                Stop_button_task
 .text.APP_start
                0x000000da       0x58 APP/APP.o
                0x000000da                APP_start
 .text.Button_init
                0x00000132       0x16 HAL/button/button_program.o
                0x00000132                Button_init
 .text.Is_pressed
                0x00000148       0x3e HAL/button/button_program.o
                0x00000148                Is_pressed
 .text.LED_INIT
                0x00000186        0x8 HAL/led/LED_program.o
                0x00000186                LED_INIT
 .text.LED_TOGGLE
                0x0000018e        0x6 HAL/led/LED_program.o
                0x0000018e                LED_TOGGLE
 .text.main     0x00000194        0x6 main.o
                0x00000194                main
 .text.DIO_setpindir
                0x0000019a       0xfe MCAL/dio/DIO_program.o
                0x0000019a                DIO_setpindir
 .text.DIO_readpin
                0x00000298       0x7c MCAL/dio/DIO_program.o
                0x00000298                DIO_readpin
 .text.DIO_togglepin
                0x00000314       0x74 MCAL/dio/DIO_program.o
                0x00000314                DIO_togglepin
 .text.INT0_INIT
                0x00000388       0x1a MCAL/EXTINT/INT_program.o
                0x00000388                INT0_INIT
 .text.EXTINT0_setcallback
                0x000003a2        0xa MCAL/EXTINT/INT_program.o
                0x000003a2                EXTINT0_setcallback
 .text.__vector_1
                0x000003ac       0x4e MCAL/EXTINT/INT_program.o
                0x000003ac                __vector_1
 .text.TMR0_init
                0x000003fa       0x2e MCAL/timer0/TMR0_program.o
                0x000003fa                TMR0_init
 .text.TMR0_start
                0x00000428       0x16 MCAL/timer0/TMR0_program.o
                0x00000428                TMR0_start
 .text.TMR0_stop
                0x0000043e       0x16 MCAL/timer0/TMR0_program.o
                0x0000043e                TMR0_stop
 .text.TMR0_setcallback
                0x00000454        0xa MCAL/timer0/TMR0_program.o
                0x00000454                TMR0_setcallback
 .text.__vector_11
                0x0000045e       0x62 MCAL/timer0/TMR0_program.o
                0x0000045e                __vector_11
 .text.sos_create_task
                0x000004c0       0x60 OS/SOS_program.o
                0x000004c0                sos_create_task
 .text.sos_delete_task
                0x00000520       0x56 OS/SOS_program.o
                0x00000520                sos_delete_task
 .text.sos_scheduler
                0x00000576       0xb8 OS/SOS_program.o
 .text.sos_run  0x0000062e        0x6 OS/SOS_program.o
                0x0000062e                sos_run
 .text.sos_init
                0x00000634        0xe OS/SOS_program.o
                0x00000634                sos_init
 .text.sos_disable
                0x00000642        0x6 OS/SOS_program.o
                0x00000642                sos_disable
                0x00000648                . = ALIGN (0x2)
 *(.fini9)
 .fini9         0x00000648        0x0 c:/program files (x86)/atmel/studio/7.0/toolchain/avr8/avr8-gnu-toolchain/bin/../lib/gcc/avr/5.4.0/avr5\libgcc.a(_exit.o)
                0x00000648                _exit
                0x00000648                exit
 *(.fini9)
 *(.fini8)
 *(.fini8)
 *(.fini7)
 *(.fini7)
 *(.fini6)
 *(.fini6)
 *(.fini5)
 *(.fini5)
 *(.fini4)
 *(.fini4)
 *(.fini3)
 *(.fini3)
 *(.fini2)
 *(.fini2)
 *(.fini1)
 *(.fini1)
 *(.fini0)
 .fini0         0x00000648        0x4 c:/program files (x86)/atmel/studio/7.0/toolchain/avr8/avr8-gnu-toolchain/bin/../lib/gcc/avr/5.4.0/avr5\libgcc.a(_exit.o)
 *(.fini0)
                0x0000064c                _etext = .

.data           0x00800060        0x0 load address 0x0000064c
                [!provide]                PROVIDE (__data_start, .)
 *(.data)
 *(.data*)
 *(.gnu.linkonce.d*)
 *(.rodata)
 *(.rodata*)
 *(.gnu.linkonce.r*)
                0x00800060                . = ALIGN (0x2)
                0x00800060                _edata = .
                [!provide]                PROVIDE (__data_end, .)

.bss            0x00800060       0x27
                0x00800060                PROVIDE (__bss_start, .)
 *(.bss)
 *(.bss*)
 .bss.u8_gl_timer0_ovs
                0x00800060        0x1 MCAL/timer0/TMR0_program.o
                0x00800060                u8_gl_timer0_ovs
 .bss.str_gl_tasks_data
                0x00800061       0x20 OS/SOS_program.o
 *(COMMON)
 COMMON         0x00800081        0x2 APP/APP.o
                0x00800081                button1_status
                0x00800082                button2_status
 COMMON         0x00800083        0x2 MCAL/EXTINT/INT_program.o
                0x00800083                ptr_func_exint0_callback
 COMMON         0x00800085        0x2 MCAL/timer0/TMR0_program.o
                0x00800085                ptr_func_tmr0_callback
                0x00800087                PROVIDE (__bss_end, .)
                0x0000064c                __data_load_start = LOADADDR (.data)
                0x0000064c                __data_load_end = (__data_load_start + SIZEOF (.data))

.noinit         0x00800087        0x0
                [!provide]                PROVIDE (__noinit_start, .)
 *(.noinit*)
                [!provide]                PROVIDE (__noinit_end, .)
                0x00800087                _end = .
                [!provide]                PROVIDE (__heap_start, .)

.eeprom         0x00810000        0x0
 *(.eeprom*)
                0x00810000                __eeprom_end = .

.fuse
 *(.fuse)
 *(.lfuse)
 *(.hfuse)
 *(.efuse)

.lock
 *(.lock*)

.signature
 *(.signature*)

.user_signatures
 *(.user_signatures*)

.stab
 *(.stab)

.stabstr
 *(.stabstr)

.stab.excl
 *(.stab.excl)

.stab.exclstr
 *(.stab.exclstr)

.stab.index
 *(.stab.index)

.stab.indexstr
 *(.stab.indexstr)

.comment        0x00000000       0x30
 *(.comment)
 .comment       0x00000000       0x30 APP/APP.o
                                 0x31 (size before relaxing)
 .comment       0x00000030       0x31 HAL/button/button_program.o
 .comment       0x00000030       0x31 HAL/led/LED_program.o
 .comment       0x00000030       0x31 main.o
 .comment       0x00000030       0x31 MCAL/dio/DIO_program.o
 .comment       0x00000030       0x31 MCAL/EXTINT/INT_program.o
 .comment       0x00000030       0x31 MCAL/timer0/TMR0_program.o
 .comment       0x00000030       0x31 OS/SOS_program.o

.note.gnu.avr.deviceinfo
                0x00000000       0x3c
 .note.gnu.avr.deviceinfo
                0x00000000       0x3c C:/Program Files (x86)/Atmel/Studio/7.0/Packs/atmel/ATmega_DFP/1.7.374/gcc/dev/atmega32a/avr5/crtatmega32a.o

.note.gnu.build-id
 *(.note.gnu.build-id)

.debug
 *(.debug)

.line
 *(.line)

.debug_srcinfo
 *(.debug_srcinfo)

.debug_sfnames
 *(.debug_sfnames)

.debug_aranges  0x00000000      0x1f0
 *(.debug_aranges)
 .debug_aranges
                0x00000000       0x48 APP/APP.o
 .debug_aranges
                0x00000048       0x28 HAL/button/button_program.o
 .debug_aranges
                0x00000070       0x38 HAL/led/LED_program.o
 .debug_aranges
                0x000000a8       0x20 main.o
 .debug_aranges
                0x000000c8       0x48 MCAL/dio/DIO_program.o
 .debug_aranges
                0x00000110       0x48 MCAL/EXTINT/INT_program.o
 .debug_aranges
                0x00000158       0x40 MCAL/timer0/TMR0_program.o
 .debug_aranges
                0x00000198       0x58 OS/SOS_program.o

.debug_pubnames
 *(.debug_pubnames)

.debug_info     0x00000000     0x162c
 *(.debug_info .gnu.linkonce.wi.*)
 .debug_info    0x00000000      0x4e6 C:/Program Files (x86)/Atmel/Studio/7.0/Packs/atmel/ATmega_DFP/1.7.374/gcc/dev/atmega32a/avr5/crtatmega32a.o
 .debug_info    0x000004e6      0x395 APP/APP.o
 .debug_info    0x0000087b      0x1cd HAL/button/button_program.o
 .debug_info    0x00000a48      0x1e7 HAL/led/LED_program.o
 .debug_info    0x00000c2f       0x7a main.o
 .debug_info    0x00000ca9      0x2c7 MCAL/dio/DIO_program.o
 .debug_info    0x00000f70      0x13e MCAL/EXTINT/INT_program.o
 .debug_info    0x000010ae      0x1e5 MCAL/timer0/TMR0_program.o
 .debug_info    0x00001293      0x399 OS/SOS_program.o

.debug_abbrev   0x00000000      0xb20
 *(.debug_abbrev)
 .debug_abbrev  0x00000000      0x4a3 C:/Program Files (x86)/Atmel/Studio/7.0/Packs/atmel/ATmega_DFP/1.7.374/gcc/dev/atmega32a/avr5/crtatmega32a.o
 .debug_abbrev  0x000004a3       0xc1 APP/APP.o
 .debug_abbrev  0x00000564       0xf7 HAL/button/button_program.o
 .debug_abbrev  0x0000065b       0x80 HAL/led/LED_program.o
 .debug_abbrev  0x000006db       0x75 main.o
 .debug_abbrev  0x00000750       0xdf MCAL/dio/DIO_program.o
 .debug_abbrev  0x0000082f       0xb3 MCAL/EXTINT/INT_program.o
 .debug_abbrev  0x000008e2       0xde MCAL/timer0/TMR0_program.o
 .debug_abbrev  0x000009c0      0x160 OS/SOS_program.o

.debug_line     0x00000000      0xe22
 *(.debug_line .debug_line.* .debug_line_end)
 .debug_line    0x00000000      0x116 C:/Program Files (x86)/Atmel/Studio/7.0/Packs/atmel/ATmega_DFP/1.7.374/gcc/dev/atmega32a/avr5/crtatmega32a.o
 .debug_line    0x00000116      0x1d5 APP/APP.o
 .debug_line    0x000002eb      0x10e HAL/button/button_program.o
 .debug_line    0x000003f9       0xe8 HAL/led/LED_program.o
 .debug_line    0x000004e1       0x3d main.o
 .debug_line    0x0000051e      0x3b9 MCAL/dio/DIO_program.o
 .debug_line    0x000008d7      0x148 MCAL/EXTINT/INT_program.o
 .debug_line    0x00000a1f      0x190 MCAL/timer0/TMR0_program.o
 .debug_line    0x00000baf      0x273 OS/SOS_program.o

.debug_frame    0x00000000      0x3b4
 *(.debug_frame)
 .debug_frame   0x00000000       0x74 APP/APP.o
 .debug_frame   0x00000074       0x50 HAL/button/button_program.o
 .debug_frame   0x000000c4       0x54 HAL/led/LED_program.o
 .debug_frame   0x00000118       0x24 main.o
 .debug_frame   0x0000013c       0x74 MCAL/dio/DIO_program.o
 .debug_frame   0x000001b0       0xbc MCAL/EXTINT/INT_program.o
 .debug_frame   0x0000026c       0xac MCAL/timer0/TMR0_program.o
 .debug_frame   0x00000318       0x9c OS/SOS_program.o

.debug_str      0x00000000      0x97c
 *(.debug_str)
 .debug_str     0x00000000      0x196 C:/Program Files (x86)/Atmel/Studio/7.0/Packs/atmel/ATmega_DFP/1.7.374/gcc/dev/atmega32a/avr5/crtatmega32a.o
 .debug_str     0x00000196      0x278 APP/APP.o
                                0x29f (size before relaxing)
 .debug_str     0x0000040e       0xc4 HAL/button/button_program.o
                                0x227 (size before relaxing)
 .debug_str     0x000004d2       0x56 HAL/led/LED_program.o
                                0x1b3 (size before relaxing)
 .debug_str     0x00000528       0x11 main.o
                                 0xef (size before relaxing)
 .debug_str     0x00000539      0x12b MCAL/dio/DIO_program.o
                                0x2de (size before relaxing)
 .debug_str     0x00000664       0x97 MCAL/EXTINT/INT_program.o
                                0x1fd (size before relaxing)
 .debug_str     0x000006fb      0x112 MCAL/timer0/TMR0_program.o
                                0x2aa (size before relaxing)
 .debug_str     0x0000080d      0x16f OS/SOS_program.o
                                0x36c (size before relaxing)

.debug_loc      0x00000000      0xb0c
 *(.debug_loc)
 .debug_loc     0x00000000       0x40 APP/APP.o
 .debug_loc     0x00000040      0x13d HAL/button/button_program.o
 .debug_loc     0x0000017d      0x108 HAL/led/LED_program.o
 .debug_loc     0x00000285      0x504 MCAL/dio/DIO_program.o
 .debug_loc     0x00000789       0xcb MCAL/EXTINT/INT_program.o
 .debug_loc     0x00000854       0xcb MCAL/timer0/TMR0_program.o
 .debug_loc     0x0000091f      0x1ed OS/SOS_program.o

.debug_macinfo
 *(.debug_macinfo)

.debug_weaknames
 *(.debug_weaknames)

.debug_funcnames
 *(.debug_funcnames)

.debug_typenames
 *(.debug_typenames)

.debug_varnames
 *(.debug_varnames)

.debug_pubtypes
 *(.debug_pubtypes)

.debug_ranges   0x00000000      0x170
 *(.debug_ranges)
 .debug_ranges  0x00000000       0x38 APP/APP.o
 .debug_ranges  0x00000038       0x18 HAL/button/button_program.o
 .debug_ranges  0x00000050       0x28 HAL/led/LED_program.o
 .debug_ranges  0x00000078       0x10 main.o
 .debug_ranges  0x00000088       0x38 MCAL/dio/DIO_program.o
 .debug_ranges  0x000000c0       0x38 MCAL/EXTINT/INT_program.o
 .debug_ranges  0x000000f8       0x30 MCAL/timer0/TMR0_program.o
 .debug_ranges  0x00000128       0x48 OS/SOS_program.o

.debug_macro
 *(.debug_macro)
OUTPUT(SOS.elf elf32-avr)
LOAD linker stubs
